bigint: Failed to load bindings, pure JS will be used (try npm run rebuild?)
This version of µWS is not compatible with your Node.js build:

Error: Cannot find module './uws_darwin_arm64_108.node'
Falling back to a NodeJS implementation; performance may be degraded.


[driver] Called 'navigate' with arguments []
[driver] Called 'fill' with arguments ["#password","correct horse battery staple"]
[driver] Called 'press' with arguments ["#password",""]
[driver] Called 'openNewPage' with arguments ["https://metamask.github.io/snap-simple-keyring/0.4.0/"]
[driver] Called 'findElement' with arguments ["#connectButton"]
[driver] Called 'scrollToElement' with arguments [{"driver_":{"session_":{},"executor_":{"customCommands_":{},"log_":{"name_":"webdriver.http.Executor","level_":null,"parent_":{"name_":"webdriver.http","level_":null,"parent_":{"name_":"webdriver","l
[driver] Called 'waitUntilXWindowHandles' with arguments [3]
[driver] Called 'getAllWindowHandles' with arguments []
[driver] Called 'switchToWindowWithTitle' with arguments ["MetaMask Notification",["4c05b78b-bf79-4c8c-9724-48f61f4203f3","39803fd1-2e7d-4643-a7d5-97630c4f035e","76551c16-3b04-4b45-bc20-824e63cb762e"]]
[driver] Called 'clickElement' with arguments [{"text":"Connect","tag":"button"}]
[driver] Called 'clickElementSafe' with arguments ["[data-testid=\"snap-install-scroll\"]",1000]
[driver] Called 'waitForSelector' with arguments [{"text":"Install"}]
[driver] Called 'clickElement' with arguments [{"text":"Install","tag":"button"}]
[driver] Called 'waitForSelector' with arguments [{"text":"OK"}]
[driver] Called 'clickElement' with arguments [{"text":"OK","tag":"button"}]
[driver] Called 'switchToWindowWithTitle' with arguments ["SSK - Simple Snap Keyring"]
[driver] Called 'waitForSelector' with arguments [{"text":"Connected","tag":"span"}]
[driver] Called 'clickElement' with arguments [{"text":"Create account","tag":"div"}]
[driver] Called 'clickElement' with arguments [{"text":"Create Account","tag":"button"}]
[driver] Called 'getAllWindowHandles' with arguments []
[driver] Called 'switchToWindowWithTitle' with arguments ["MetaMask Notification",["4c05b78b-bf79-4c8c-9724-48f61f4203f3","39803fd1-2e7d-4643-a7d5-97630c4f035e","1f5038b9-e83c-4aed-886d-e2886676f32b"],2000]
[driver] Called 'clickElement' with arguments ["[data-testid=\"confirmation-submit-button\"]"]
[driver] Called 'clickElement' with arguments ["[data-testid=\"confirmation-submit-button\"]"]
[driver] Called 'switchToWindowWithTitle' with arguments ["SSK - Simple Snap Keyring"]
[driver] Called 'findElement' with arguments [{"text":"0x","tag":"p"}]
[driver] Called 'switchToWindowWithTitle' with arguments ["MetaMask"]
[driver] Called 'clickElement' with arguments ["[data-testid=\"account-menu-icon\"]"]
[driver] Called 'findElement' with arguments [{"css":".mm-tag","text":"Snaps (Beta)"}]
[driver] Called 'waitForElementNotPresent' with arguments [".mm-tag"]
[driver] Called 'navigate' with arguments []
[driver] Called 'fill' with arguments ["#password","correct horse battery staple"]
[driver] Called 'press' with arguments ["#password",""]
[driver] Called 'openNewPage' with arguments ["https://metamask.github.io/snap-simple-keyring/0.4.0/"]
[driver] Called 'findElement' with arguments ["#connectButton"]
[driver] Called 'scrollToElement' with arguments [{"driver_":{"session_":{},"executor_":{"customCommands_":{},"log_":{"name_":"webdriver.http.Executor","level_":null,"parent_":{"name_":"webdriver.http","level_":null,"parent_":{"name_":"webdriver","l
[driver] Called 'waitUntilXWindowHandles' with arguments [3]
[driver] Called 'getAllWindowHandles' with arguments []
[driver] Called 'switchToWindowWithTitle' with arguments ["MetaMask Notification",["321e1919-720e-4b37-b213-74ae0bcc7fe9","3f0c6723-2bb2-400f-b4f2-75f447e42473","932233a5-8ea5-46e6-bd9a-120715a1b7a6"]]
[driver] Called 'clickElement' with arguments [{"text":"Connect","tag":"button"}]
[driver] Called 'clickElementSafe' with arguments ["[data-testid=\"snap-install-scroll\"]",1000]
[driver] Called 'waitForSelector' with arguments [{"text":"Install"}]
[driver] Called 'clickElement' with arguments [{"text":"Install","tag":"button"}]
[driver] Called 'waitForSelector' with arguments [{"text":"OK"}]
[driver] Called 'clickElement' with arguments [{"text":"OK","tag":"button"}]
[driver] Called 'switchToWindowWithTitle' with arguments ["SSK - Simple Snap Keyring"]
[driver] Called 'waitForSelector' with arguments [{"text":"Connected","tag":"span"}]
[driver] Called 'clickElement' with arguments [{"text":"Create account","tag":"div"}]
[driver] Called 'clickElement' with arguments [{"text":"Create Account","tag":"button"}]
[driver] Called 'getAllWindowHandles' with arguments []
[driver] Called 'switchToWindowWithTitle' with arguments ["MetaMask Notification",["321e1919-720e-4b37-b213-74ae0bcc7fe9","3f0c6723-2bb2-400f-b4f2-75f447e42473","5742670e-574d-46c0-844b-7bfc5493d6d1"],2000]
[driver] Called 'clickElement' with arguments ["[data-testid=\"confirmation-submit-button\"]"]
[driver] Called 'clickElement' with arguments ["[data-testid=\"confirmation-submit-button\"]"]
[driver] Called 'switchToWindowWithTitle' with arguments ["SSK - Simple Snap Keyring"]
[driver] Called 'findElement' with arguments [{"text":"0x","tag":"p"}]
[driver] Called 'switchToWindowWithTitle' with arguments ["MetaMask"]
[driver] Called 'clickElement' with arguments ["[data-testid=\"account-menu-icon\"]"]
[driver] Called 'findElement' with arguments [{"css":".mm-tag","text":"Snaps (Beta)"}]
[driver] Called 'waitForElementNotPresent' with arguments [".mm-tag"]
[driver] Called 'waitUntilXWindowHandles' with arguments [2,1000,10000]
[driver] Called 'switchToWindowWithTitle' with arguments ["MetaMask",["321e1919-720e-4b37-b213-74ae0bcc7fe9","3f0c6723-2bb2-400f-b4f2-75f447e42473"]]
[driver] Called 'clickElement' with arguments ["[data-testid=\"account-options-menu-button\"]"]
[driver] Called 'clickElement' with arguments [{"text":"Settings","tag":"div"}]
[driver] Called 'clickElement' with arguments [{"text":"Snaps","tag":"div"}]
[driver] Called 'clickElement' with arguments ["[data-testid=\"npm:@metamask/snap-simple-keyring-snap\"]"]
[driver] Called 'findElement' with arguments ["[data-testid=\"remove-snap-button\"]"]
[driver] Called 'scrollToElement' with arguments [{"driver_":{"session_":{},"executor_":{"customCommands_":{},"log_":{"name_":"webdriver.http.Executor","level_":null,"parent_":{"name_":"webdriver.http","level_":null,"parent_":{"name_":"webdriver","l
[driver] Called 'clickElement' with arguments ["[data-testid=\"remove-snap-button\"]"]
[driver] Called 'isElementPresentAndVisible' with arguments [{"text":"Account 2"}]
[driver] Called 'clickElement' with arguments [{"text":"Continue","tag":"button"}]
[driver] Called 'fill' with arguments ["[data-testid=\"remove-snap-confirmation-input\"]","MetaMask Simple Snap Keyring"]
[driver] Called 'clickElement' with arguments [{"text":"Remove Snap","tag":"button"}]
[driver] Called 'isElementPresentAndVisible' with arguments [{"text":"MetaMask Simple Snap Keyring removed","tag":"p"}]
[driver] Called 'navigate' with arguments []
[driver] Called 'fill' with arguments ["#password","correct horse battery staple"]
[driver] Called 'press' with arguments ["#password",""]
[driver] Called 'openNewPage' with arguments ["https://metamask.github.io/snap-simple-keyring/0.4.0/"]
[driver] Called 'findElement' with arguments ["#connectButton"]
[driver] Called 'scrollToElement' with arguments [{"driver_":{"session_":{},"executor_":{"customCommands_":{},"log_":{"name_":"webdriver.http.Executor","level_":null,"parent_":{"name_":"webdriver.http","level_":null,"parent_":{"name_":"webdriver","l
[driver] Called 'waitUntilXWindowHandles' with arguments [3]
[driver] Called 'getAllWindowHandles' with arguments []
[driver] Called 'switchToWindowWithTitle' with arguments ["MetaMask Notification",["ffe161e0-6644-4195-94a9-5d19ee6225df","51fb583d-7732-4447-b050-b8ec59423ad0","7f54d408-3c20-4590-badc-1e61a877aab5"]]
[driver] Called 'clickElement' with arguments [{"text":"Connect","tag":"button"}]
[driver] Called 'clickElementSafe' with arguments ["[data-testid=\"snap-install-scroll\"]",1000]
[driver] Called 'waitForSelector' with arguments [{"text":"Install"}]
[driver] Called 'clickElement' with arguments [{"text":"Install","tag":"button"}]
[driver] Called 'waitForSelector' with arguments [{"text":"OK"}]
[driver] Called 'clickElement' with arguments [{"text":"OK","tag":"button"}]
[driver] Called 'switchToWindowWithTitle' with arguments ["SSK - Simple Snap Keyring"]
[driver] Called 'waitForSelector' with arguments [{"text":"Connected","tag":"span"}]
[driver] Called 'clickElement' with arguments [{"text":"Import account","tag":"div"}]
[driver] Called 'fill' with arguments ["#import-account-private-key","0xa444f52ea41e3a39586d7069cb8e8233e9f6b9dea9cbb700cce69ae860661cc8"]
[driver] Called 'clickElement' with arguments [{"text":"Import Account","tag":"button"}]
[driver] Called 'waitUntilXWindowHandles' with arguments [3]
[driver] Called 'getAllWindowHandles' with arguments []
[driver] Called 'switchToWindowWithTitle' with arguments ["MetaMask Notification",["ffe161e0-6644-4195-94a9-5d19ee6225df","51fb583d-7732-4447-b050-b8ec59423ad0","0de36fad-70b8-4445-b0ef-1cb7b94611d2"]]
[driver] Called 'clickElement' with arguments ["[data-testid=\"confirmation-submit-button\"]"]
[driver] Called 'clickElement' with arguments ["[data-testid=\"confirmation-submit-button\"]"]
[driver] Called 'switchToWindowWithTitle' with arguments ["SSK - Simple Snap Keyring"]
[driver] Called 'switchToWindowWithTitle' with arguments ["MetaMask"]
[driver] Called 'clickElement' with arguments ["[data-testid=\"account-menu-icon\"]"]
[driver] Called 'findElement' with arguments [{"css":".mm-tag","text":"Snaps (Beta)"}]
[driver] Called 'waitForElementNotPresent' with arguments [".mm-tag"]
[driver] Called 'clickElement' with arguments ["[data-testid=\"eth-overview-send\"]"]
[driver] Called 'fill' with arguments ["[data-testid=\"ens-input\"]","5cfe73b6021e818b776b421b1c4db2474086a7e1"]
[driver] Called 'fill' with arguments [".unit-input__input",1]
[driver] Called 'clickElement' with arguments [{"text":"Next","tag":"button","css":"[data-testid=\"page-container-footer-next\"]"}]
[driver] Called 'clickElement' with arguments [{"text":"Confirm","tag":"button","css":"[data-testid=\"page-container-footer-next\"]"}]
[driver] Called 'clickElement' with arguments ["[data-testid=\"home__activity-tab\"]"]
[driver] Called 'waitForElementNotPresent' with arguments [".transaction-list-item--unconfirmed"]
[driver] Called 'findElement' with arguments [".transaction-list-item"]
[driver] Called 'clickElement' with arguments ["[data-testid=\"account-menu-icon\"]"]
[driver] Called 'findElement' with arguments ["[title=\"26 ETH\"]"]
[driver] Called 'findElement' with arguments ["[title=\"24 ETH\"]"]
[driver] Called 'navigate' with arguments []
[driver] Called 'fill' with arguments ["#password","correct horse battery staple"]
[driver] Called 'press' with arguments ["#password",""]
[driver] Called 'openNewPage' with arguments ["https://metamask.github.io/snap-simple-keyring/0.4.0/"]
[driver] Called 'findElement' with arguments ["#connectButton"]
[driver] Called 'scrollToElement' with arguments [{"driver_":{"session_":{},"executor_":{"customCommands_":{},"log_":{"name_":"webdriver.http.Executor","level_":null,"parent_":{"name_":"webdriver.http","level_":null,"parent_":{"name_":"webdriver","l
[driver] Called 'waitUntilXWindowHandles' with arguments [3]
[driver] Called 'getAllWindowHandles' with arguments []
[driver] Called 'switchToWindowWithTitle' with arguments ["MetaMask Notification",["9383aae3-5610-4c69-9d68-a400de4b1340","a1decc66-0f8a-415e-9631-493abc367985","6f47e6c5-47e5-4ceb-a654-8b5e7dd4b8a9"]]
[driver] Called 'clickElement' with arguments [{"text":"Connect","tag":"button"}]
[driver] Called 'clickElementSafe' with arguments ["[data-testid=\"snap-install-scroll\"]",1000]
[driver] Called 'waitForSelector' with arguments [{"text":"Install"}]
[driver] Called 'clickElement' with arguments [{"text":"Install","tag":"button"}]
[driver] Called 'waitForSelector' with arguments [{"text":"OK"}]
[driver] Called 'clickElement' with arguments [{"text":"OK","tag":"button"}]
[driver] Called 'switchToWindowWithTitle' with arguments ["SSK - Simple Snap Keyring"]
[driver] Called 'waitForSelector' with arguments [{"text":"Connected","tag":"span"}]
[driver] Called 'switchToWindowWithTitle' with arguments ["SSK - Simple Snap Keyring"]
[driver] Called 'clickElement' with arguments [{"xpath":"//input[@id=\"use-sync-flow-toggle\"]/.."}]
[driver] Called 'clickElement' with arguments [{"text":"Import account","tag":"div"}]
[driver] Called 'fill' with arguments ["#import-account-private-key","0xa444f52ea41e3a39586d7069cb8e8233e9f6b9dea9cbb700cce69ae860661cc8"]
[driver] Called 'clickElement' with arguments [{"text":"Import Account","tag":"button"}]
[driver] Called 'waitUntilXWindowHandles' with arguments [3]
[driver] Called 'getAllWindowHandles' with arguments []
[driver] Called 'switchToWindowWithTitle' with arguments ["MetaMask Notification",["9383aae3-5610-4c69-9d68-a400de4b1340","a1decc66-0f8a-415e-9631-493abc367985","cd455d1a-20a8-43c4-a1a7-1b558cd9d1e2"]]
[driver] Called 'clickElement' with arguments ["[data-testid=\"confirmation-submit-button\"]"]
[driver] Called 'clickElement' with arguments ["[data-testid=\"confirmation-submit-button\"]"]
[driver] Called 'switchToWindowWithTitle' with arguments ["SSK - Simple Snap Keyring"]
[driver] Called 'switchToWindowWithTitle' with arguments ["MetaMask"]
[driver] Called 'clickElement' with arguments ["[data-testid=\"account-menu-icon\"]"]
[driver] Called 'findElement' with arguments [{"css":".mm-tag","text":"Snaps (Beta)"}]
[driver] Called 'waitForElementNotPresent' with arguments [".mm-tag"]
[driver] Called 'clickElement' with arguments ["[data-testid=\"eth-overview-send\"]"]
[driver] Called 'fill' with arguments ["[data-testid=\"ens-input\"]","5cfe73b6021e818b776b421b1c4db2474086a7e1"]
[driver] Called 'fill' with arguments [".unit-input__input",1]
[driver] Called 'clickElement' with arguments [{"text":"Next","tag":"button","css":"[data-testid=\"page-container-footer-next\"]"}]
[driver] Called 'clickElement' with arguments [{"text":"Confirm","tag":"button","css":"[data-testid=\"page-container-footer-next\"]"}]
[driver] Called 'delay' with arguments [500]
[driver] Called 'getAllWindowHandles' with arguments []
[driver] Called 'switchToWindowWithTitle' with arguments ["MetaMask Notification",["9383aae3-5610-4c69-9d68-a400de4b1340","a1decc66-0f8a-415e-9631-493abc367985"],2000]
SNAPS/ error switching to notification window Error: No window with title: MetaMask Notification
    at Driver.switchToWindowWithTitle (/Users/owencraston/src/consensys/metamask-extension/test/e2e/webdriver/driver.js:430:15)
    at processTicksAndRejections (node:internal/process/task_queues:95:5)
    at withFixtures (/Users/owencraston/src/consensys/metamask-extension/test/e2e/accounts/test-snap-accounts.spec.js:461:17)
    at importPrivateKeyAndTransfer1ETH (/Users/owencraston/src/consensys/metamask-extension/test/e2e/accounts/test-snap-accounts.spec.js:210:11)
    at /Users/owencraston/src/consensys/metamask-extension/test/e2e/accounts/test-snap-accounts.spec.js:108:11
    at text (/Users/owencraston/src/consensys/metamask-extension/test/e2e/helpers.js:107:9)
    at Context.<anonymous> (/Users/owencraston/src/consensys/metamask-extension/test/e2e/accounts/test-snap-accounts.spec.js:107:53)
[driver] Called 'switchToWindowWithTitle' with arguments ["MetaMask"]
[driver] Called 'navigate' with arguments []
[driver] Called 'clickElement' with arguments [{"text":"Go to site","tag":"button"}]
<testsuite name="Mocha Tests" tests="21" failures="0" errors="18" skipped="0" timestamp="Thu, 12 Oct 2023 17:54:27 GMT" time="97.561">
<testcase classname="Test Snap Account" name="can create a new Snap account" time="18.201"/>
<testcase classname="Test Snap Account" name="will display the keyring snap account removal warning" time="16.254"/>
<testcase classname="Test Snap Account" name="can import a private key and transfer 1 ETH (sync flow)" time="19.767"/>
<testcase classname="Test Snap Account" name="can import a private key and transfer 1 ETH (async flow approve)" time="39.684"><failure>Waiting for element to be located By(xpath, //button[contains(text(), &#x27;Go to site&#x27;)])
Wait timed out after 10015ms
TimeoutError: Waiting for element to be located By(xpath, //button[contains(text(), &#x27;Go to site&#x27;)])
Wait timed out after 10015ms
    at /Users/owencraston/src/consensys/metamask-extension/node_modules/selenium-webdriver/lib/webdriver.js:929:17
    at processTicksAndRejections (node:internal/process/task_queues:95:5)</failure></testcase>
<testcase classname="Test Snap Account" name="can import a private key and transfer 1 ETH (async flow reject)" time="0.176"><failure>listen EADDRINUSE: address already in use 127.0.0.1:8545.
Error: listen EADDRINUSE: address already in use 127.0.0.1:8545.
    at /Users/owencraston/src/consensys/metamask-extension/node_modules/ganache/dist/node/webpack:/Ganache/core/lib/src/server.js:195:33
    at process.port (node:internal/process/task_queues:95:5)
    at async Promise.allSettled (index 1)
    at Ganache.start (test/e2e/ganache.js:17:13)
    at withFixtures (test/e2e/helpers.js:33:9)
    at Context.&#x3C;anonymous&#x3E; (test/e2e/accounts/test-snap-accounts.spec.js:114:11)</failure></testcase>
<testcase classname="Test Snap Account" name="can #personalSign (sync flow)" time="0.101"><failure>listen EADDRINUSE: address already in use 127.0.0.1:8545.
Error: listen EADDRINUSE: address already in use 127.0.0.1:8545.
    at /Users/owencraston/src/consensys/metamask-extension/node_modules/ganache/dist/node/webpack:/Ganache/core/lib/src/server.js:195:33
    at process.port (node:internal/process/task_queues:95:5)
    at async Promise.allSettled (index 1)
    at Ganache.start (test/e2e/ganache.js:17:13)
    at withFixtures (test/e2e/helpers.js:33:9)
    at Context.&#x3C;anonymous&#x3E; (test/e2e/accounts/test-snap-accounts.spec.js:132:11)</failure></testcase>
<testcase classname="Test Snap Account" name="can #personalSign (async flow approve)" time="0.288"><failure>listen EADDRINUSE: address already in use 127.0.0.1:8545.
Error: listen EADDRINUSE: address already in use 127.0.0.1:8545.
    at /Users/owencraston/src/consensys/metamask-extension/node_modules/ganache/dist/node/webpack:/Ganache/core/lib/src/server.js:195:33
    at process.port (node:internal/process/task_queues:95:5)
    at async Promise.allSettled (index 1)
    at Ganache.start (test/e2e/ganache.js:17:13)
    at withFixtures (test/e2e/helpers.js:33:9)
    at Context.&#x3C;anonymous&#x3E; (test/e2e/accounts/test-snap-accounts.spec.js:132:11)</failure></testcase>
<testcase classname="Test Snap Account" name="can #personalSign (async flow reject)" time="0.17"><failure>listen EADDRINUSE: address already in use 127.0.0.1:8545.
Error: listen EADDRINUSE: address already in use 127.0.0.1:8545.
    at /Users/owencraston/src/consensys/metamask-extension/node_modules/ganache/dist/node/webpack:/Ganache/core/lib/src/server.js:195:33
    at process.port (node:internal/process/task_queues:95:5)
    at async Promise.allSettled (index 1)
    at Ganache.start (test/e2e/ganache.js:17:13)
    at withFixtures (test/e2e/helpers.js:33:9)
    at Context.&#x3C;anonymous&#x3E; (test/e2e/accounts/test-snap-accounts.spec.js:132:11)</failure></testcase>
<testcase classname="Test Snap Account" name="can #signTypedData (sync flow)" time="0.091"><failure>listen EADDRINUSE: address already in use 127.0.0.1:8545.
Error: listen EADDRINUSE: address already in use 127.0.0.1:8545.
    at /Users/owencraston/src/consensys/metamask-extension/node_modules/ganache/dist/node/webpack:/Ganache/core/lib/src/server.js:195:33
    at process.port (node:internal/process/task_queues:95:5)
    at async Promise.allSettled (index 1)
    at Ganache.start (test/e2e/ganache.js:17:13)
    at withFixtures (test/e2e/helpers.js:33:9)
    at Context.&#x3C;anonymous&#x3E; (test/e2e/accounts/test-snap-accounts.spec.js:132:11)</failure></testcase>
<testcase classname="Test Snap Account" name="can #signTypedData (async flow approve)" time="0.193"><failure>listen EADDRINUSE: address already in use 127.0.0.1:8545.
Error: listen EADDRINUSE: address already in use 127.0.0.1:8545.
    at /Users/owencraston/src/consensys/metamask-extension/node_modules/ganache/dist/node/webpack:/Ganache/core/lib/src/server.js:195:33
    at process.port (node:internal/process/task_queues:95:5)
    at async Promise.allSettled (index 1)
    at Ganache.start (test/e2e/ganache.js:17:13)
    at withFixtures (test/e2e/helpers.js:33:9)
    at Context.&#x3C;anonymous&#x3E; (test/e2e/accounts/test-snap-accounts.spec.js:132:11)</failure></testcase>
<testcase classname="Test Snap Account" name="can #signTypedData (async flow reject)" time="0.156"><failure>listen EADDRINUSE: address already in use 127.0.0.1:8545.
Error: listen EADDRINUSE: address already in use 127.0.0.1:8545.
    at /Users/owencraston/src/consensys/metamask-extension/node_modules/ganache/dist/node/webpack:/Ganache/core/lib/src/server.js:195:33
    at process.port (node:internal/process/task_queues:95:5)
    at async Promise.allSettled (index 1)
    at Ganache.start (test/e2e/ganache.js:17:13)
    at withFixtures (test/e2e/helpers.js:33:9)
    at Context.&#x3C;anonymous&#x3E; (test/e2e/accounts/test-snap-accounts.spec.js:132:11)</failure></testcase>
<testcase classname="Test Snap Account" name="can #signTypedDataV3 (sync flow)" time="0.298"><failure>listen EADDRINUSE: address already in use 127.0.0.1:8545.
Error: listen EADDRINUSE: address already in use 127.0.0.1:8545.
    at /Users/owencraston/src/consensys/metamask-extension/node_modules/ganache/dist/node/webpack:/Ganache/core/lib/src/server.js:195:33
    at process.port (node:internal/process/task_queues:95:5)
    at async Promise.allSettled (index 1)
    at Ganache.start (test/e2e/ganache.js:17:13)
    at withFixtures (test/e2e/helpers.js:33:9)
    at Context.&#x3C;anonymous&#x3E; (test/e2e/accounts/test-snap-accounts.spec.js:132:11)</failure></testcase>
<testcase classname="Test Snap Account" name="can #signTypedDataV3 (async flow approve)" time="0.129"><failure>listen EADDRINUSE: address already in use 127.0.0.1:8545.
Error: listen EADDRINUSE: address already in use 127.0.0.1:8545.
    at /Users/owencraston/src/consensys/metamask-extension/node_modules/ganache/dist/node/webpack:/Ganache/core/lib/src/server.js:195:33
    at process.port (node:internal/process/task_queues:95:5)
    at async Promise.allSettled (index 1)
    at Ganache.start (test/e2e/ganache.js:17:13)
    at withFixtures (test/e2e/helpers.js:33:9)
    at Context.&#x3C;anonymous&#x3E; (test/e2e/accounts/test-snap-accounts.spec.js:132:11)</failure></testcase>
<testcase classname="Test Snap Account" name="can #signTypedDataV3 (async flow reject)" time="0.469"><failure>listen EADDRINUSE: address already in use 127.0.0.1:8545.
Error: listen EADDRINUSE: address already in use 127.0.0.1:8545.
    at /Users/owencraston/src/consensys/metamask-extension/node_modules/ganache/dist/node/webpack:/Ganache/core/lib/src/server.js:195:33
    at process.port (node:internal/process/task_queues:95:5)
    at async Promise.allSettled (index 1)
    at Ganache.start (test/e2e/ganache.js:17:13)
    at withFixtures (test/e2e/helpers.js:33:9)
    at Context.&#x3C;anonymous&#x3E; (test/e2e/accounts/test-snap-accounts.spec.js:132:11)</failure></testcase>
<testcase classname="Test Snap Account" name="can #signTypedDataV4 (sync flow)" time="0.097"><failure>listen EADDRINUSE: address already in use 127.0.0.1:8545.
Error: listen EADDRINUSE: address already in use 127.0.0.1:8545.
    at /Users/owencraston/src/consensys/metamask-extension/node_modules/ganache/dist/node/webpack:/Ganache/core/lib/src/server.js:195:33
    at process.port (node:internal/process/task_queues:95:5)
    at async Promise.allSettled (index 1)
    at Ganache.start (test/e2e/ganache.js:17:13)
    at withFixtures (test/e2e/helpers.js:33:9)
    at Context.&#x3C;anonymous&#x3E; (test/e2e/accounts/test-snap-accounts.spec.js:132:11)</failure></testcase>
<testcase classname="Test Snap Account" name="can #signTypedDataV4 (async flow approve)" time="0.422"><failure>listen EADDRINUSE: address already in use 127.0.0.1:8545.
Error: listen EADDRINUSE: address already in use 127.0.0.1:8545.
    at /Users/owencraston/src/consensys/metamask-extension/node_modules/ganache/dist/node/webpack:/Ganache/core/lib/src/server.js:195:33
    at process.port (node:internal/process/task_queues:95:5)
    at async Promise.allSettled (index 1)
    at Ganache.start (test/e2e/ganache.js:17:13)
    at withFixtures (test/e2e/helpers.js:33:9)
    at Context.&#x3C;anonymous&#x3E; (test/e2e/accounts/test-snap-accounts.spec.js:132:11)</failure></testcase>
<testcase classname="Test Snap Account" name="can #signTypedDataV4 (async flow reject)" time="0.188"><failure>listen EADDRINUSE: address already in use 127.0.0.1:8545.
Error: listen EADDRINUSE: address already in use 127.0.0.1:8545.
    at /Users/owencraston/src/consensys/metamask-extension/node_modules/ganache/dist/node/webpack:/Ganache/core/lib/src/server.js:195:33
    at process.port (node:internal/process/task_queues:95:5)
    at async Promise.allSettled (index 1)
    at Ganache.start (test/e2e/ganache.js:17:13)
    at withFixtures (test/e2e/helpers.js:33:9)
    at Context.&#x3C;anonymous&#x3E; (test/e2e/accounts/test-snap-accounts.spec.js:132:11)</failure></testcase>
<testcase classname="Test Snap Account" name="can #signPermit (sync flow)" time="0.101"><failure>listen EADDRINUSE: address already in use 127.0.0.1:8545.
Error: listen EADDRINUSE: address already in use 127.0.0.1:8545.
    at /Users/owencraston/src/consensys/metamask-extension/node_modules/ganache/dist/node/webpack:/Ganache/core/lib/src/server.js:195:33
    at process.port (node:internal/process/task_queues:95:5)
    at async Promise.allSettled (index 1)
    at Ganache.start (test/e2e/ganache.js:17:13)
    at withFixtures (test/e2e/helpers.js:33:9)
    at Context.&#x3C;anonymous&#x3E; (test/e2e/accounts/test-snap-accounts.spec.js:132:11)</failure></testcase>
<testcase classname="Test Snap Account" name="can #signPermit (async flow approve)" time="0.084"><failure>listen EADDRINUSE: address already in use 127.0.0.1:8545.
Error: listen EADDRINUSE: address already in use 127.0.0.1:8545.
    at /Users/owencraston/src/consensys/metamask-extension/node_modules/ganache/dist/node/webpack:/Ganache/core/lib/src/server.js:195:33
    at process.port (node:internal/process/task_queues:95:5)
    at async Promise.allSettled (index 1)
    at Ganache.start (test/e2e/ganache.js:17:13)
    at withFixtures (test/e2e/helpers.js:33:9)
    at Context.&#x3C;anonymous&#x3E; (test/e2e/accounts/test-snap-accounts.spec.js:132:11)</failure></testcase>
<testcase classname="Test Snap Account" name="can #signPermit (async flow reject)" time="0.292"><failure>listen EADDRINUSE: address already in use 127.0.0.1:8545.
Error: listen EADDRINUSE: address already in use 127.0.0.1:8545.
    at /Users/owencraston/src/consensys/metamask-extension/node_modules/ganache/dist/node/webpack:/Ganache/core/lib/src/server.js:195:33
    at process.port (node:internal/process/task_queues:95:5)
    at async Promise.allSettled (index 1)
    at Ganache.start (test/e2e/ganache.js:17:13)
    at withFixtures (test/e2e/helpers.js:33:9)
    at Context.&#x3C;anonymous&#x3E; (test/e2e/accounts/test-snap-accounts.spec.js:132:11)</failure></testcase>
<testcase classname="Test Snap Account" name="can connect to the Test Dapp, then #signTypedDataV3, disconnect then connect, then #signTypedDataV4 (async flow approve)" time="0.352"><failure>listen EADDRINUSE: address already in use 127.0.0.1:8545.
Error: listen EADDRINUSE: address already in use 127.0.0.1:8545.
    at /Users/owencraston/src/consensys/metamask-extension/node_modules/ganache/dist/node/webpack:/Ganache/core/lib/src/server.js:195:33
    at process.port (node:internal/process/task_queues:95:5)
    at async Promise.allSettled (index 1)
    at Ganache.start (test/e2e/ganache.js:17:13)
    at withFixtures (test/e2e/helpers.js:33:9)
    at Context.&#x3C;anonymous&#x3E; (test/e2e/accounts/test-snap-accounts.spec.js:147:6)</failure></testcase>
</testsuite>
